[sun-themes.com/html/fooday/index.html]
[backblue.gif]
[fade.gif]
[index.html]
[sun-themes.com/html/fooday/assets/vendors/bootstrap/css/bootstrap.min.css]
[sun-themes.com/html/fooday/assets/vendors/font-awesome/css/font-awesome.min.css]
[sun-themes.com/html/fooday/assets/vendors/flexslider/flexslider.min.css]
[sun-themes.com/html/fooday/assets/vendors/swipebox/css/swipebox.min.css]
[sun-themes.com/html/fooday/assets/vendors/slick/slick.min.css]
[sun-themes.com/html/fooday/assets/vendors/slick/slick-theme.min.css]
[sun-themes.com/html/fooday/assets/vendors/animate.min.css]
[sun-themes.com/html/fooday/assets/vendors/bootstrap-datepicker/css/bootstrap-datepicker.min.css]
[sun-themes.com/html/fooday/assets/vendors/pageloading/css/component.min.css]
[sun-themes.com/html/fooday/assets/vendors/dialog/css/dialog.css]
[sun-themes.com/html/fooday/assets/fonts/font-icon/style.css]
[sun-themes.com/html/fooday/assets/css/layout.css]
[sun-themes.com/html/fooday/assets/css/elements.css]
[sun-themes.com/html/fooday/assets/css/extra.css]
[sun-themes.com/html/fooday/assets/css/widget.css]
[sun-themes.com/html/fooday/assets/css/color/colordefault.css]
[sun-themes.com/html/fooday/assets/css/responsive.css]
[sun-themes.com/html/fooday/assets/css/live-settings.css]
[sun-themes.com/html/fooday/assets/vendors/html5shiv.js]
[sun-themes.com/html/fooday/assets/vendors/respond.min.js]
[sun-themes.com/html/fooday/assets/vendors/pageloading/sidebartransition/js/modernizr.custom.js]
[sun-themes.com/html/fooday/assets/vendors/pageloading/js/snap.svg-min.js]
[sun-themes.com/html/fooday/product-single.html]
[sun-themes.com/html/fooday/assets/images/product/product-circle-1h.jpg]
[sun-themes.com/html/fooday/assets/images/product/product-circle-1k.jpg]
[sun-themes.com/html/fooday/product-cart.html]
[sun-themes.com/html/fooday/product-checkout.html]
[sun-themes.com/html/fooday/assets/images/logo-white.png]
[sun-themes.com/html/fooday/assets/images/logo.png]
[sun-themes.com/html/fooday/homepage2.html]
[sun-themes.com/html/fooday/homepage3.html]
[sun-themes.com/html/fooday/home-fullpage.html]
[sun-themes.com/html/fooday/home-shop.html]
[sun-themes.com/html/fooday/homesidebarmenu.html]
[sun-themes.com/html/fooday/home-one-page.html]
[sun-themes.com/html/fooday/home-boxed.html]
[sun-themes.com/html/fooday/about.html]
[sun-themes.com/html/fooday/reservation.html]
[sun-themes.com/html/fooday/menu-grid-1.html]
[sun-themes.com/html/fooday/menu-classic.html]
[sun-themes.com/html/fooday/menu-grid-2.html]
[sun-themes.com/html/fooday/menu-grid-3.html]
[sun-themes.com/html/fooday/blogs.html]
[sun-themes.com/html/fooday/blog-single.html]
[sun-themes.com/html/fooday/page-404.html]
[sun-themes.com/html/fooday/contact.html]
[sun-themes.com/html/fooday/assets/images/slider/slider2-icon.png]
[sun-themes.com/html/fooday/assets/images/pages/home1-about.jpg]
[sun-themes.com/html/fooday/assets/images/product/product-2a.jpg]
[sun-themes.com/html/fooday/assets/images/product/product-2b.jpg]
[sun-themes.com/html/fooday/assets/images/product/product-2c.jpg]
[sun-themes.com/html/fooday/assets/images/product/pd-cat-lunch.png]
[sun-themes.com/html/fooday/assets/images/testi/testi-1.jpg]
[sun-themes.com/html/fooday/assets/images/testi/testi-3.jpg]
[sun-themes.com/html/fooday/assets/images/team/team-1.png]
[sun-themes.com/html/fooday/assets/images/team/team-3.png]
[sun-themes.com/html/fooday/assets/images/background/home2-img-deco.png]
[sun-themes.com/html/fooday/assets/images/gallery/gallery-2.jpg]
[sun-themes.com/html/fooday/assets/images/gallery/gallery-4.jpg]
[sun-themes.com/html/fooday/assets/images/gallery/gallery-6.jpg]
[sun-themes.com/html/fooday/assets/images/blog/blog-grid-1-1.jpg]
[sun-themes.com/html/fooday/assets/images/background/bg5.png]
[sun-themes.com/html/fooday/assets/images/product/product-full-02.jpg]
[sun-themes.com/html/fooday/assets/images/layout-option/bg-01.jpg]
[sun-themes.com/html/fooday/assets/images/layout-option/bg-02.jpg]
[sun-themes.com/html/fooday/assets/vendors/bootstrap/js/bootstrap.min.js]
[sun-themes.com/html/fooday/assets/vendors/flexslider/jquery.flexslider-min.js]
[sun-themes.com/html/fooday/assets/vendors/swipebox/js/jquery.swipebox.min.js]
[sun-themes.com/html/fooday/assets/vendors/slick/slick.min.js]
[sun-themes.com/html/fooday/assets/vendors/isotope/isotope.pkgd.min.js]
[sun-themes.com/html/fooday/assets/vendors/jquery-countTo/jquery.countTo.min.js]
[sun-themes.com/html/fooday/assets/vendors/jquery-appear/jquery.appear.min.js]
[sun-themes.com/html/fooday/assets/vendors/parallax/parallax.min.js]
[sun-themes.com/html/fooday/assets/vendors/gmaps/gmaps.min.js]
[sun-themes.com/html/fooday/assets/vendors/audiojs/audio.min.js]
[sun-themes.com/html/fooday/assets/vendors/vide/jquery.vide.min.js]
[sun-themes.com/html/fooday/assets/vendors/pageloading/js/svgLoader.min.js]
[sun-themes.com/html/fooday/assets/vendors/pageloading/js/classie.min.js]
[sun-themes.com/html/fooday/assets/vendors/pageloading/sidebartransition/js/sidebarEffects.min.js]
[sun-themes.com/html/fooday/assets/vendors/nicescroll/jquery.nicescroll.min.js]
[sun-themes.com/html/fooday/assets/vendors/wowjs/wow.min.js]
[sun-themes.com/html/fooday/assets/vendors/skrollr.min.js]
[sun-themes.com/html/fooday/assets/vendors/bootstrap-datepicker/js/bootstrap-datepicker.min.js]
[sun-themes.com/html/fooday/assets/vendors/jquery-cookie/js.cookie.js]
[cdnjs.cloudflare.com/ajax/libs/jquery-easing/1.3/jquery.easing.min.js]
[sun-themes.com/html/fooday/assets/js/layout.js]
[sun-themes.com/html/fooday/assets/js/elements.js]
[sun-themes.com/html/fooday/assets/js/widget.js]
[sun-themes.com/html/fooday/index.html]
[sun-themes.com/html/fooday/assets/vendors/bootstrap/fonts/glyphicons-halflings-regular.eot]
[sun-themes.com/html/fooday/assets/vendors/bootstrap/fonts/glyphicons-halflings-regular.woff2]
[sun-themes.com/html/fooday/assets/vendors/bootstrap/fonts/glyphicons-halflings-regulard41d.eot]
[sun-themes.com/html/fooday/assets/vendors/bootstrap/fonts/glyphicons-halflings-regular.woff]
[sun-themes.com/html/fooday/assets/vendors/bootstrap/fonts/glyphicons-halflings-regular.svg]
[sun-themes.com/html/fooday/assets/vendors/bootstrap/css/bootstrap.min.css]
[sun-themes.com/html/fooday/assets/vendors/font-awesome/fonts/fontawesome-webfont3e6e.eot]
[sun-themes.com/html/fooday/assets/vendors/font-awesome/fonts/fontawesome-webfont3e6e.woff2]
[sun-themes.com/html/fooday/assets/vendors/font-awesome/fonts/fontawesome-webfont3e6e.woff]
[sun-themes.com/html/fooday/assets/vendors/font-awesome/css/font-awesome.min.css]
[sun-themes.com/html/fooday/assets/vendors/font-awesome/fonts/fontawesome-webfont3e6e.svg]
[sun-themes.com/html/fooday/assets/vendors/flexslider/fonts/flexslider-icond41d.eot]
[sun-themes.com/html/fooday/assets/vendors/flexslider/fonts/flexslider-icon.woff]
[sun-themes.com/html/fooday/assets/vendors/flexslider/fonts/flexslider-icon.ttf]
[sun-themes.com/html/fooday/assets/vendors/flexslider/fonts/flexslider-icon.svg]
[sun-themes.com/html/fooday/assets/vendors/flexslider/flexslider.min.css]
[sun-themes.com/html/fooday/assets/vendors/swipebox/img/loader.gif]
[sun-themes.com/html/fooday/assets/vendors/swipebox/img/icons.png]
[sun-themes.com/html/fooday/assets/vendors/swipebox/css/swipebox.min.css]
[sun-themes.com/html/fooday/assets/vendors/slick/slick.min.css]
[sun-themes.com/html/fooday/assets/vendors/slick/ajax-loader.gif]
[sun-themes.com/html/fooday/assets/vendors/slick/fonts/slick.eot]
[sun-themes.com/html/fooday/assets/vendors/slick/fonts/slickd41d.eot]
[sun-themes.com/html/fooday/assets/vendors/slick/fonts/slick.woff]
[sun-themes.com/html/fooday/assets/vendors/slick/fonts/slick.ttf]
[sun-themes.com/html/fooday/assets/vendors/slick/fonts/slick.svg]
[sun-themes.com/html/fooday/assets/vendors/slick/slick-theme.min.css]
[sun-themes.com/html/fooday/assets/vendors/animate.min.css]
[sun-themes.com/html/fooday/assets/vendors/bootstrap-datepicker/css/bootstrap-datepicker.min.css]
[sun-themes.com/html/fooday/assets/vendors/pageloading/css/component.min.css]
[sun-themes.com/html/fooday/assets/vendors/dialog/css/dialog.css]
[sun-themes.com/html/fooday/assets/fonts/font-icon/fonts/icomoon78f5.eot]
[sun-themes.com/html/fooday/assets/fonts/font-icon/fonts/icomoon78f5.ttf]
[sun-themes.com/html/fooday/assets/fonts/font-icon/fonts/icomoon78f5.woff]
[sun-themes.com/html/fooday/assets/fonts/font-icon/style.css]
[sun-themes.com/html/fooday/assets/fonts/font-icon/fonts/icomoon78f5.svg]
[sun-themes.com/html/fooday/assets/images/background/footer-bg.jpg]
[sun-themes.com/html/fooday/assets/images/404/404_bg.jpg]
[sun-themes.com/html/fooday/assets/css/layout.css]
[sun-themes.com/html/fooday/assets/images/service/service-image-01.png]
[sun-themes.com/html/fooday/assets/css/elements.css]
[sun-themes.com/html/fooday/assets/images/background/bg1.jpg]
[sun-themes.com/html/fooday/assets/images/background/bg2.jpg]
[sun-themes.com/html/fooday/assets/images/background/bg4.jpg]
[sun-themes.com/html/fooday/assets/images/background/bg6.jpg]
[sun-themes.com/html/fooday/assets/images/background/bg8.jpg]
[sun-themes.com/html/fooday/assets/images/background/black-bg.jpg]
[sun-themes.com/html/fooday/assets/images/background/pagetitle-about.jpg]
[sun-themes.com/html/fooday/assets/images/background/pagetitle-reservation.jpg]
[sun-themes.com/html/fooday/assets/images/background/pagetitle-blog.jpg]
[sun-themes.com/html/fooday/assets/images/background/pagetitle-product.jpg]
[sun-themes.com/html/fooday/assets/images/background/reservation-bg-01.jpg]
[sun-themes.com/html/fooday/assets/images/background/layout-boxed.jpg]
[sun-themes.com/html/fooday/assets/images/background/shop-banner-bg2.jpg]
[sun-themes.com/html/fooday/assets/css/extra.css]
[sun-themes.com/html/fooday/assets/css/widget.css]
[sun-themes.com/html/fooday/assets/css/images/404/404_bg.9d.delayed]
[sun-themes.com/html/fooday/assets/css/images/service/service-image-01.png]
[sun-themes.com/html/fooday/assets/css/color/colordefault.css]
[sun-themes.com/html/fooday/assets/css/responsive.css]
[sun-themes.com/html/fooday/assets/css/live-settings.css]
[sun-themes.com/html/fooday/assets/images/product/product-full-03.jpg]
[sun-themes.com/html/fooday/assets/images/product/product-full-04.jpg]
[sun-themes.com/html/fooday/assets/images/product/product-thumb-02.jpg]
[sun-themes.com/html/fooday/assets/images/blog/blog-comment-avatar03.jpg]
[sun-themes.com/html/fooday/assets/images/product/product-2e.jpg]
[sun-themes.com/html/fooday/assets/images/product/product-2f.jpg]
[sun-themes.com/html/fooday/product-single.html]
[sun-themes.com/html/fooday/assets/images/product/product-2l.jpg]
[sun-themes.com/html/fooday/assets/images/product/product-2n.jpg]
[sun-themes.com/html/fooday/product-cart.html]
[sun-themes.com/html/fooday/product-checkout.html]
[sun-themes.com/html/fooday/assets/images/slider/slider1-icon.png]
[sun-themes.com/html/fooday/assets/images/slider/slider1-bg2.jpg]
[sun-themes.com/html/fooday/assets/images/pages/timeline-1-1-thumbnail.jpg]
[sun-themes.com/html/fooday/assets/images/pages/timeline-1-1.jpg]
[sun-themes.com/html/fooday/assets/images/pages/timeline-1-2-thumbnail.jpg]
[sun-themes.com/html/fooday/assets/images/pages/timeline-1-2.jpg]
[sun-themes.com/html/fooday/assets/images/pages/timeline-1-3.jpg]
[sun-themes.com/html/fooday/assets/images/pages/timeline-2-1-thumbnail.jpg]
[sun-themes.com/html/fooday/assets/images/pages/timeline-2-1.jpg]
[sun-themes.com/html/fooday/assets/images/pages/timeline-2-2-thumbnail.jpg]
[sun-themes.com/html/fooday/assets/images/pages/timeline-2-2.jpg]
[sun-themes.com/html/fooday/assets/images/pages/timeline-2-3-thumbnail.jpg]
[sun-themes.com/html/fooday/assets/images/pages/timeline-2-3.jpg]
[sun-themes.com/html/fooday/assets/images/pages/timeline-3-1.jpg]
[sun-themes.com/html/fooday/assets/images/pages/timeline-3-2.jpg]
[sun-themes.com/html/fooday/assets/images/pages/timeline-3-3-thumbnail.jpg]
[sun-themes.com/html/fooday/assets/images/pages/timeline-3-3.jpg]
[sun-themes.com/html/fooday/assets/images/feature-box-bg.jpg]
[sun-themes.com/html/fooday/assets/images/feature-box-bg-2.jpg]
[sun-themes.com/html/fooday/assets/images/feature-box-bg-3.jpg]
[sun-themes.com/html/fooday/assets/images/team/team-thumbnail-2.png]
[sun-themes.com/html/fooday/assets/images/team/team-thumbnail-3.png]
[sun-themes.com/html/fooday/assets/images/background/chef02.png]
[sun-themes.com/html/fooday/assets/images/background/soup2.png]
[sun-themes.com/html/fooday/assets/images/blog/blog-slider-2.jpg]
[sun-themes.com/html/fooday/assets/images/background/food1.png]
[sun-themes.com/html/fooday/homepage2.html]
[sun-themes.com/html/fooday/assets/images/slider/slider3-icon2.png]
[sun-themes.com/html/fooday/assets/images/pages/home3-deco-1.png]
[sun-themes.com/html/fooday/assets/images/product/product-01.jpg]
[sun-themes.com/html/fooday/assets/images/product/product-01b.jpg]
[sun-themes.com/html/fooday/assets/images/product/product-01c.jpg]
[sun-themes.com/html/fooday/assets/images/product/product-01d.jpg]
[sun-themes.com/html/fooday/assets/images/product/product-01e.jpg]
[sun-themes.com/html/fooday/assets/images/product/product-01f.jpg]
[sun-themes.com/html/fooday/assets/images/product/product-01l.jpg]
[sun-themes.com/html/fooday/assets/images/banner-img-1.jpg]
[sun-themes.com/html/fooday/assets/images/banner-img-2.jpg]
[sun-themes.com/html/fooday/assets/images/background/vegetable_01.png]
[sun-themes.com/html/fooday/assets/images/background/vegetable_02.png]
[sun-themes.com/html/fooday/assets/images/counter-1.png]
[sun-themes.com/html/fooday/assets/images/counter-2.png]
[sun-themes.com/html/fooday/assets/images/counter-3.png]
[sun-themes.com/html/fooday/assets/images/counter-4.png]
[sun-themes.com/html/fooday/assets/images/blog/blog-grid-3.jpg]
[sun-themes.com/html/fooday/assets/images/blog/blog-grid-4.jpg]
[sun-themes.com/html/fooday/assets/images/partner/partner-03.png]
[sun-themes.com/html/fooday/assets/images/partner/partner-04.png]
[sun-themes.com/html/fooday/homepage3.html]
[sun-themes.com/html/fooday/assets/vendors/pageloading/sidebartransition/css/component.css]
[sun-themes.com/html/fooday/assets/vendors/fullpage/jquery.fullpage.min.css]
[sun-themes.com/html/fooday/assets/images/slider/header-bg.jpg]
[sun-themes.com/html/fooday/assets/images/fullpage-food.jpg]
[sun-themes.com/html/fooday/assets/images/fullpage-bg.jpg]
[sun-themes.com/html/fooday/assets/images/background/footer-bg2.jpg]
[sun-themes.com/html/fooday/assets/vendors/jquery-countTo/jquery.countTo.js]
[sun-themes.com/html/fooday/assets/vendors/jquery-appear/jquery.appear.js]
[sun-themes.com/html/fooday/assets/vendors/gmaps/gmaps.js]
[sun-themes.com/html/fooday/assets/vendors/pageloading/js/svgLoader.js]
[sun-themes.com/html/fooday/assets/vendors/pageloading/js/classie.js]
[sun-themes.com/html/fooday/assets/vendors/pageloading/sidebartransition/js/sidebarEffects.js]
[sun-themes.com/html/fooday/assets/vendors/pageloading/sidebartransition/js/classie1.js]
[sun-themes.com/html/fooday/assets/js/map.js]
[sun-themes.com/html/fooday/assets/vendors/fullpage/jquery.fullpage.min.js]
[sun-themes.com/html/fooday/assets/vendors/fullpage/jquery.fullpage.extensions.min.js]
[sun-themes.com/html/fooday/home-fullpage.html]
[sun-themes.com/html/fooday/assets/js/fullpage.js]
[sun-themes.com/html/fooday/assets/images/slider/shop-slider.jpg]
[sun-themes.com/html/fooday/assets/images/slider/shop-slider2.jpg]
[sun-themes.com/html/fooday/home-shop.html]
[sun-themes.com/html/fooday/assets/images/background/chef01.png]
[sun-themes.com/html/fooday/homesidebarmenu.html]
[sun-themes.com/html/fooday/assets/images/pages/home1-about.png]
[sun-themes.com/html/fooday/home-one-page.html]
[sun-themes.com/html/fooday/home-boxed.html]
[sun-themes.com/html/fooday/assets/images/timeline/timeline-2.jpg]
[sun-themes.com/html/fooday/assets/images/timeline/timeline-3.jpg]
[sun-themes.com/html/fooday/assets/images/timeline/timeline-4.jpg]
[sun-themes.com/html/fooday/assets/images/timeline/timeline-5.jpg]
[sun-themes.com/html/fooday/assets/images/timeline/timeline-6.jpg]
[sun-themes.com/html/fooday/assets/images/timeline/timeline-7.jpg]
[sun-themes.com/html/fooday/assets/images/background/ab_team_01.png]
[sun-themes.com/html/fooday/assets/images/testi/testi-signal.png]
[sun-themes.com/html/fooday/about.html]
[sun-themes.com/html/fooday/assets/images/pages/reservation-showcase.png]
[sun-themes.com/html/fooday/assets/images/event/event-01.jpg]
[sun-themes.com/html/fooday/assets/images/event/event-02.jpg]
[sun-themes.com/html/fooday/reservation.html]
[sun-themes.com/html/fooday/menu-grid-1.html]
[sun-themes.com/html/fooday/menu-classic.html]
[sun-themes.com/html/fooday/assets/images/background/vegetable_03.png]
[sun-themes.com/html/fooday/assets/images/product/pd-cat-drink.png]
[sun-themes.com/html/fooday/assets/images/product/product-circle-1b.jpg]
[sun-themes.com/html/fooday/assets/images/product/product-circle-1c.jpg]
[sun-themes.com/html/fooday/assets/images/product/product-circle-1d.jpg]
[sun-themes.com/html/fooday/assets/images/product/product-circle-1e.jpg]
[sun-themes.com/html/fooday/assets/images/product/product-circle-1f.jpg]
[sun-themes.com/html/fooday/assets/images/product/product-circle-1g.jpg]
[sun-themes.com/html/fooday/assets/images/product/product-circle-1l.jpg]
[sun-themes.com/html/fooday/menu-grid-2.html]
[sun-themes.com/html/fooday/menu-grid-3.html]
[sun-themes.com/html/fooday/assets/images/blog/blog-slider-4.jpg]
[sun-themes.com/html/fooday/assets/images/blog/blog-slider-3.jpg]
[sun-themes.com/html/fooday/assets/images/blog/blog-slider-5.jpg]
[sun-themes.com/html/fooday/assets/audio/audio.mp3]
[sun-themes.com/html/fooday/assets/images/widget/wg-recent-post2.jpg]
[sun-themes.com/html/fooday/assets/images/widget/wg-recent-post3.jpg]
[sun-themes.com/html/fooday/assets/images/widget/wg-gallery1.jpg]
[sun-themes.com/html/fooday/blogs.html]
[sun-themes.com/html/fooday/assets/images/blog/blog-single-01.jpg]
[sun-themes.com/html/fooday/assets/images/blog/blog-single-02.jpg]
[sun-themes.com/html/fooday/assets/images/blog/blog-single-03.jpg]
[sun-themes.com/html/fooday/assets/images/blog/blog-author.jpg]
[sun-themes.com/html/fooday/assets/images/blog/blog-comment-avatar01.jpg]
[sun-themes.com/html/fooday/assets/images/blog/blog-comment-avatar02.jpg]
[sun-themes.com/html/fooday/blog-single.html]
[sun-themes.com/html/fooday/assets/images/404/image-main.png]
[www.google-analytics.com/analytics.js]
[sun-themes.com/html/fooday/page-404.html]
[sun-themes.com/html/fooday/contact.html]
[sun-themes.com/html/fooday/assets/images/product/product-decorate.jpg]
[sun-themes.com/html/fooday/assets/images/product/product-2d.jpg]
[sun-themes.com/html/fooday/assets/images/product/pd-cat-dessert.png]
[sun-themes.com/html/fooday/assets/images/testi/testi-2.jpg]
[sun-themes.com/html/fooday/assets/images/product/pd-cat-dinner.png]
[sun-themes.com/html/fooday/assets/images/testi/testi-4.jpg]
[sun-themes.com/html/fooday/assets/images/team/team-2.png]
[sun-themes.com/html/fooday/assets/images/team/team-4.png]
[sun-themes.com/html/fooday/assets/images/gallery/gallery-1.jpg]
[sun-themes.com/html/fooday/assets/images/gallery/gallery-3.jpg]
[sun-themes.com/html/fooday/assets/images/gallery/gallery-5.jpg]
[sun-themes.com/html/fooday/assets/images/blog/blog-grid-1.jpg]
[sun-themes.com/html/fooday/assets/images/blog/blog-grid-1-2.jpg]
[sun-themes.com/html/fooday/assets/images/logo-ft.png]
[sun-themes.com/html/fooday/assets/images/layout-option/bg-03.jpg]
[sun-themes.com/html/fooday/assets/vendors/bootstrap/fonts/glyphicons-halflings-regular.svg]
[sun-themes.com/html/fooday/assets/vendors/bootstrap/fonts/glyphicons-halflings-regular.ttf]
[sun-themes.com/html/fooday/assets/vendors/font-awesome/fonts/fontawesome-webfontd41d.eot]
[sun-themes.com/html/fooday/assets/vendors/jquery-1.10.2.min.js]
[sun-themes.com/html/fooday/assets/vendors/font-awesome/fonts/fontawesome-webfont3e6e.svg]
[sun-themes.com/html/fooday/assets/vendors/font-awesome/fonts/fontawesome-webfont3e6e.ttf]
[sun-themes.com/html/fooday/assets/vendors/flexslider/fonts/flexslider-icon.svg]
[sun-themes.com/html/fooday/assets/vendors/slick/fonts/slick.svg]
[sun-themes.com/html/fooday/assets/fonts/font-icon/fonts/icomoon78f5.svg]
[sun-themes.com/html/fooday/assets/vendors/flexslider/fonts/flexslider-icon.eot]
[sun-themes.com/html/fooday/assets/images/background/pagetitle-bg.jpg]
[sun-themes.com/html/fooday/assets/images/background/bg3.jpg]
[sun-themes.com/html/fooday/assets/images/background/ft-res-bg.jpg]
[sun-themes.com/html/fooday/assets/images/background/bg7.jpg]
[sun-themes.com/html/fooday/assets/images/background/video-bg.jpg]
[sun-themes.com/html/fooday/assets/images/background/bg1_0.jpg]
[sun-themes.com/html/fooday/assets/images/background/pagetitle-menu.jpg]
[sun-themes.com/html/fooday/assets/images/slider/slider1-bg1.jpg]
[sun-themes.com/html/fooday/assets/css/images/404/404_bg.html]
[sun-themes.com/html/fooday/assets/css/images/service/service-image-01.html]
[sun-themes.com/html/fooday/assets/images/product/product-thumb-03.jpg]
[sun-themes.com/html/fooday/assets/images/product/product-thumb-04.jpg]
[sun-themes.com/html/fooday/assets/images/pages/timeline-1-3-thumbnail.jpg]
[sun-themes.com/html/fooday/assets/images/pages/timeline-3-1-thumbnail.jpg]
[sun-themes.com/html/fooday/assets/images/pages/timeline-3-2-thumbnail.jpg]
[sun-themes.com/html/fooday/assets/images/featured-box-bg-1.jpg]
[sun-themes.com/html/fooday/assets/images/team/team-thumbnail-1.png]
[sun-themes.com/html/fooday/assets/images/background/soup1.png]
[sun-themes.com/html/fooday/assets/images/blog/blog-slider-1.jpg]
[sun-themes.com/html/fooday/assets/images/slider/slider3-icon.png]
[sun-themes.com/html/fooday/assets/vendors/pageloading/sidebartransition/css/component.css]
[sun-themes.com/html/fooday/assets/vendors/fullpage/jquery.fullpage.min.css]
[sun-themes.com/html/fooday/assets/images/background/pizza1.png]
[sun-themes.com/html/fooday/assets/images/partner/partner-02.png]
[sun-themes.com/html/fooday/assets/images/product/product-2k.jpg]
[sun-themes.com/html/fooday/assets/images/timeline/timeline-1.jpg]
[sun-themes.com/html/fooday/assets/images/product/pd-cat-breakfast.png]
[sun-themes.com/html/fooday/assets/images/background/lemon.png]
[sun-themes.com/html/fooday/assets/images/product/product-circle-1a.jpg]
[sun-themes.com/html/fooday/assets/images/blog/blog-slider-7.jpg]
[sun-themes.com/html/fooday/assets/images/partner/partner-01.png]
[sun-themes.com/html/fooday/assets/images/team/team-thumbnail-4.png]
[sun-themes.com/html/fooday/assets/images/blog/blog-slider-6.jpg]
[sun-themes.com/html/fooday/assets/images/blog/blog-05.jpg]
[sun-themes.com/html/fooday/assets/images/widget/wg-recent-post1.jpg]
